projectTreeData:
    mainProjectTreeInfo: { rootProject: null, rootProjectChildren: [{ id: 37f83b4e-26a9-9a0d-fd53-2a4deebf7f02, nm: 'üëã Welcome!', ct: 8, metadata: { changes: { ct: { by: 3007143 }, et: { by: 2936914, ts: 18200393 }, mv: { by: 2936914, ts: 16304669, from: f8f51270-4bae-7061-354a-111b3fe96489 } }, layoutMode: h1 }, lm: 8, ch: [{ id: a83063a7-2e76-62a9-3a8a-003b3dac7d54, nm: 'Workflowy is a super flexible tool that lets you design a workspace for <i>your</i> brain.', ct: 8, metadata: { changes: { ct: { by: 3007143 }, et: { by: 2936914, ts: 18200666 } }, layoutMode: p }, lm: 8 }, { id: 55b3a1ae-db34-a0f8-a2e4-4ce78e45af7e, nm: '<b>How to get started</b>', ct: 8, metadata: { changes: { ct: { by: 3007143 }, et: { by: 2936914, ts: 18200863 } }, layoutMode: p }, lm: 8 }, { id: 9fca477c-9e01-0f96-c9aa-0334c4ed8c6d, nm: 'Click any text and just type.', ct: 8, metadata: { changes: { ct: { by: 3007143 }, et: { by: 2936914, ts: 18200576 }, mv: { by: 2936914, ts: 18200278, from: 8a159768-27a0-6bf1-c643-87369c5e86e7 } } }, lm: 8 }, { id: b9c114c6-6223-5864-b2ca-f52b91737ff5, nm: 'Hit &lt;enter&gt; to create a new bullet.', ct: 8, metadata: { changes: { ct: { by: 3007143 }, et: { by: 2936914, ts: 18200575 }, mv: { by: 2936914, ts: 18200278, from: 8a159768-27a0-6bf1-c643-87369c5e86e7 } } }, lm: 8 }, { id: 01400078-b292-c5a4-0e97-6acd56efd2ba, nm: 'Hit &lt;tab&gt; to indent.', ct: 8, metadata: { changes: { ct: { by: 3007143 }, et: { by: 2936914, ts: 18200574 }, mv: { by: 2936914, ts: 18200278, from: 8a159768-27a0-6bf1-c643-87369c5e86e7 } } }, lm: 8, ch: [{ id: 01190526-455b-6d60-9118-84e973684b2e, nm: 'Hit &lt;shift+tab&gt; to outdent.', ct: 8, metadata: { changes: { ct: { by: 3007143 }, et: { by: 2936914, ts: 18200573 } } }, lm: 8 }] }, { id: 7794029d-f3c2-b8c6-a467-99b76b1d016c, nm: 'Click the arrow to the left of a bullet to expand or collapse.', ct: 8, metadata: { changes: { ct: { by: 3007143 }, et: { by: 2936914, ts: 18200878 }, mv: { by: 2936914, ts: 18200278, from: 8a159768-27a0-6bf1-c643-87369c5e86e7 } } }, lm: 8, ch: [{ id: 27919ac0-9530-72b7-e8b0-29f7596b36fa, nm: '<i>Try collapsing that</i> ‚òù', ct: 8, metadata: { changes: { ct: { by: 3007143 } } }, lm: 8 }] }, { id: f915abac-1fd6-273e-da49-6f80b331f787, nm: '', ct: 8, metadata: { changes: { ct: { by: 3007143 } }, layoutMode: p }, lm: 8 }, { id: b3990f65-1a83-c0e4-f0d0-4070d0b27c86, nm: "<b>What's next?</b>", ct: 8, metadata: { changes: { ct: { by: 3007143 }, et: { by: 2936914, ts: 18200938 }, mv: { by: 2936914, ts: 18200278, from: 8a159768-27a0-6bf1-c643-87369c5e86e7 } }, layoutMode: p }, lm: 8 }, { id: 2e469b20-89f0-fa9d-a60a-70a0b20d441c, nm: "Create a new note using the 'New' button in the side-bar.", ct: 8, metadata: { changes: { ct: { by: 3007143 }, et: { by: 2936914, ts: 18200993 } }, layoutMode: p }, lm: 8 }, { id: 30c7a3c4-1b99-6566-ccd1-b26d9c090564, nm: 'Some ideas to get you started: make a task list, plan a project, or jot down your ideas.', ct: 8, metadata: { changes: { ct: { by: 3007143 }, et: { by: 2936914, ts: 18201133 }, mv: { by: 2936914, ts: 18200996, from: 411a533d-1668-d5ac-4eea-a32af9156ffe } }, layoutMode: p }, lm: 8 }] }], sharedData: {  }, initialMostRecentOperationTransactionId: '1163038085', initialPollingIntervalInMs: 10000, serverExpandedProjectsList: [37f83b4e, '01400078', 7794029d, leftbar__home__None/37f83b4e-26a9-9a0d-fd53-2a4deebf7f02/__37f83b4e], isReadOnly: null, ownerId: 3512568, dateJoinedTimestampInSeconds: 1674134629, itemsCreatedInCurrentMonth: 13, monthlyItemQuota: 10000000 }
    auxiliaryProjectTreeInfos: {  }
